TAP version 13
ok 1 - Icecave\Archer\Configuration\ComposerConfigurationReaderTest::testConstructor
ok 2 - Icecave\Archer\Configuration\ComposerConfigurationReaderTest::testConstructorDefaults
ok 3 - Icecave\Archer\Configuration\ComposerConfigurationReaderTest::testRead
ok 4 - Icecave\Archer\Configuration\ComposerConfigurationReaderTest::testReadFailureJson
ok 5 - Icecave\Archer\Configuration\ConfigurationFileFinderTest::testConstructor
ok 6 - Icecave\Archer\Configuration\ConfigurationFileFinderTest::testConstructorDefaults
ok 7 - Icecave\Archer\Configuration\ConfigurationFileFinderTest::testFindFirst
ok 8 - Icecave\Archer\Configuration\ConfigurationFileFinderTest::testFindLast
ok 9 - Icecave\Archer\Configuration\ConfigurationFileFinderTest::testFindDefault
ok 10 - Icecave\Archer\Configuration\PHPConfigurationReaderTest::testConstructor
ok 11 - Icecave\Archer\Configuration\PHPConfigurationReaderTest::testConstructorDefaults
ok 12 - Icecave\Archer\Configuration\PHPConfigurationReaderTest::testReadSingle
ok 13 - Icecave\Archer\Configuration\PHPConfigurationReaderTest::testReadMultiple
ok 14 - Icecave\Archer\Configuration\PHPConfigurationReaderTest::testReadNone
ok 15 - Icecave\Archer\Console\ApplicationTest::testConstructor
ok 16 - Icecave\Archer\Console\ApplicationTest::testConstructorDefaults
ok 17 - Icecave\Archer\Console\ApplicationTest::testEnabledCommands
ok 18 - Icecave\Archer\Console\ApplicationTest::testEnabledCommandsArcher
ok 19 - Icecave\Archer\Console\ApplicationTest::testEnabledCommandsTravis
ok 20 - Icecave\Archer\Console\ApplicationTest::testDoRun
ok 21 - Icecave\Archer\Console\ApplicationTest::testRawArguments
ok 22 - Icecave\Archer\Console\ApplicationTest::testDefaultCommandName
ok 23 - Icecave\Archer\Console\Command\AbstractPHPUnitCommandTest::testConstructor
ok 24 - Icecave\Archer\Console\Command\AbstractPHPUnitCommandTest::testConstructorDefaults
ok 25 - Icecave\Archer\Console\Command\AbstractPHPUnitCommandTest::testGetHelp
ok 26 - Icecave\Archer\Console\Command\AbstractPHPUnitCommandTest::testGenerateArgumentsFiltering
ok 27 - Icecave\Archer\Console\Command\CoverageCommandTest::testConstructor
ok 28 - Icecave\Archer\Console\Command\CoverageCommandTest::testConstructorDefaults
ok 29 - Icecave\Archer\Console\Command\CoverageCommandTest::testConfigure
ok 30 - Icecave\Archer\Console\Command\CoverageCommandTest::testExecute
ok 31 - Icecave\Archer\Console\Command\CoverageCommandTest::testExecuteWithOpen
ok 32 - Icecave\Archer\Console\Command\CoverageCommandTest::testGenerateArgumentsFiltering
ok 33 - Icecave\Archer\Console\Command\DocumentationCommandTest::testConstructor
ok 34 - Icecave\Archer\Console\Command\DocumentationCommandTest::testConstructorDefaults
ok 35 - Icecave\Archer\Console\Command\DocumentationCommandTest::testConfigure
ok 36 - Icecave\Archer\Console\Command\DocumentationCommandTest::testExecute
ok 37 - Icecave\Archer\Console\Command\DocumentationCommandTest::testExecuteWithOpen
ok 38 - Icecave\Archer\Console\Command\TestCommandTest::testConfigure
ok 39 - Icecave\Archer\Console\Command\TestCommandTest::testExecute
ok 40 - Icecave\Archer\Console\Command\Travis\AbstractTravisCommandTest::testIsEnabled
ok 41 - Icecave\Archer\Console\Command\Travis\BuildCommandTest::testExecute
ok 42 - Icecave\Archer\Console\Command\Travis\BuildCommandTest::testExecuteWithPublishVersionButWrongBranch
ok 43 - Icecave\Archer\Console\Command\Travis\BuildCommandTest::testExecuteWithPublishVersionButNoToken
ok 44 - Icecave\Archer\Console\Command\Travis\BuildCommandTest::testExecuteWithPublish
ok 45 - Icecave\Archer\Console\Command\Travis\BuildCommandTest::testExecuteWithPublishAndTestFailure
ok 46 - Icecave\Archer\Console\Command\Travis\BuildCommandTest::testExecuteWithPublishAndDocumentationFailure
ok 47 - Icecave\Archer\Console\Command\UpdateCommandTest::testConstructor
ok 48 - Icecave\Archer\Console\Command\UpdateCommandTest::testConstructorDefaults
ok 49 - Icecave\Archer\Console\Command\UpdateCommandTest::testExecute
ok 50 - Icecave\Archer\Console\Command\UpdateCommandTest::testExecuteWithoutArtifactSupport
ok 51 - Icecave\Archer\Console\Command\UpdateCommandTest::testExecuteWithAuthorizeExistingToken
ok 52 - Icecave\Archer\Console\Command\UpdateCommandTest::testExecuteWithAuthorizeNewToken
ok 53 - Icecave\Archer\Console\Command\UpdateCommandTest::testExecuteWithAuthorizeInteractiveCredentials
ok 54 - Icecave\Archer\Console\Command\UpdateCommandTest::testExecuteWithAuthorizeFailureMultipleAuthorizations
ok 55 - Icecave\Archer\Console\Command\UpdateCommandTest::testExecuteWithAuthorizeFailureIncorrectScope
ok 56 - Icecave\Archer\Console\Command\UpdateCommandTest::testExecuteWithAuthorizeFailureParseError
ok 57 - Icecave\Archer\Console\Command\UpdateCommandTest::testExecuteWithAuthorizeFailureWoodhouseError
ok 58 - Icecave\Archer\Console\Command\UpdateCommandTest::testExecuteWithSuppliedToken
ok 59 - Icecave\Archer\Console\Command\UpdateCommandTest::testExecuteWithSuppliedTokenAndExistingKey
ok 60 - Icecave\Archer\Console\Command\UpdateCommandTest::testExecuteWithUpdatePublicKey
ok 61 - Icecave\Archer\Console\Command\UpdateCommandTest::testExecuteFailureUnsyncedRepo
ok 62 - Icecave\Archer\Console\Command\UpdateCommandTest::testExecuteWithInvalidToken
ok 63 - Icecave\Archer\Console\Command\UpdateCommandTest::testExecuteWithUpdatePublicKeyAndNoToken
ok 64 - Icecave\Archer\Console\Helper\HiddenInputHelperTest::testConstructor
ok 65 - Icecave\Archer\Console\Helper\HiddenInputHelperTest::testConstructorDefaults
ok 66 - Icecave\Archer\Console\Helper\HiddenInputHelperTest::testAskHiddenResponseStty
ok 67 - Icecave\Archer\Console\Helper\HiddenInputHelperTest::testAskHiddenResponseSttyFailureFgets
ok 68 - Icecave\Archer\Console\Helper\HiddenInputHelperTest::testAskHiddenResponseSttyFailureExecute
ok 69 - Icecave\Archer\Console\Helper\HiddenInputHelperTest::testAskHiddenResponseWindows
ok 70 - Icecave\Archer\Console\Helper\HiddenInputHelperTest::testAskHiddenResponseWindowsFailureExecute
ok 71 - Icecave\Archer\Documentation\DocumentationGeneratorTest::testConstructor
ok 72 - Icecave\Archer\Documentation\DocumentationGeneratorTest::testConstructorDefaults
ok 73 - Icecave\Archer\Documentation\DocumentationGeneratorTest::testGenerate
ok 74 - Icecave\Archer\Documentation\DocumentationGeneratorTest::testGenerateDefaultPath
ok 75 - Icecave\Archer\Documentation\DocumentationGeneratorTest::testGenerateBuildDirNonExistant
ok 76 - Icecave\Archer\Documentation\DocumentationGeneratorTest::testSourcePath
ok 77 - Icecave\Archer\Documentation\DocumentationGeneratorTest::testProjectNameWithSingleNamespace
ok 78 - Icecave\Archer\Documentation\DocumentationGeneratorTest::testProjectNameFallback
ok 79 - Icecave\Archer\Documentation\DocumentationGeneratorTest::testOpenedLevelWithSingleNamespace
ok 80 - Icecave\Archer\Documentation\DocumentationGeneratorTest::testOpenedLevelFallback
ok 81 - Icecave\Archer\Documentation\DocumentationGeneratorTest::testOpenedLevelFallbackNoEntries
ok 82 - Icecave\Archer\Documentation\DocumentationGeneratorTest::testOpenedLevelFallbackNamespaceTooShort
ok 83 - Icecave\Archer\Documentation\DocumentationGeneratorTest::testProjectNameFailureUndefined
ok 84 - Icecave\Archer\Documentation\DocumentationGeneratorTest::testCreateFinder
ok 85 - Icecave\Archer\Documentation\DocumentationGeneratorTest::testCreateSami
ok 86 - Icecave\Archer\Documentation\DocumentationGeneratorTest::testPopErrorHandlers
ok 87 - Icecave\Archer\Documentation\DocumentationGeneratorTest::testPushErrorHandlers
ok 88 - Icecave\Archer\FileSystem\Exception\ReadExceptionTest::testException
ok 89 - Icecave\Archer\FileSystem\Exception\WriteExceptionTest::testException
ok 90 - Icecave\Archer\FileSystem\FileSystemTest::testExists
ok 91 - Icecave\Archer\FileSystem\FileSystemTest::testExistsFailure
ok 92 - Icecave\Archer\FileSystem\FileSystemTest::testFileExists
ok 93 - Icecave\Archer\FileSystem\FileSystemTest::testFileExistsFailure
ok 94 - Icecave\Archer\FileSystem\FileSystemTest::testDirectoryExists
ok 95 - Icecave\Archer\FileSystem\FileSystemTest::testDirectoryExistsFailure
ok 96 - Icecave\Archer\FileSystem\FileSystemTest::testRead
ok 97 - Icecave\Archer\FileSystem\FileSystemTest::testReadFailure
ok 98 - Icecave\Archer\FileSystem\FileSystemTest::testListPaths
ok 99 - Icecave\Archer\FileSystem\FileSystemTest::testListPathsFailure
ok 100 - Icecave\Archer\FileSystem\FileSystemTest::testWrite
ok 101 - Icecave\Archer\FileSystem\FileSystemTest::testWriteCreateParentDirectory
ok 102 - Icecave\Archer\FileSystem\FileSystemTest::testWriteFailure
ok 103 - Icecave\Archer\FileSystem\FileSystemTest::testWriteFailureDirname
ok 104 - Icecave\Archer\FileSystem\FileSystemTest::testCopy
ok 105 - Icecave\Archer\FileSystem\FileSystemTest::testCopyCreateParentDirectory
ok 106 - Icecave\Archer\FileSystem\FileSystemTest::testCopyFailure
ok 107 - Icecave\Archer\FileSystem\FileSystemTest::testCopyFailureDirname
ok 108 - Icecave\Archer\FileSystem\FileSystemTest::testMove
ok 109 - Icecave\Archer\FileSystem\FileSystemTest::testMoveCreateParentDirectory
ok 110 - Icecave\Archer\FileSystem\FileSystemTest::testMoveFailure
ok 111 - Icecave\Archer\FileSystem\FileSystemTest::testMoveFailureDirname
ok 112 - Icecave\Archer\FileSystem\FileSystemTest::testCreateDirectory
ok 113 - Icecave\Archer\FileSystem\FileSystemTest::testCreateDirectoryFailure
ok 114 - Icecave\Archer\FileSystem\FileSystemTest::testChmod
ok 115 - Icecave\Archer\FileSystem\FileSystemTest::testChmodFailure
ok 116 - Icecave\Archer\FileSystem\FileSystemTest::testDeleteFile
ok 117 - Icecave\Archer\FileSystem\FileSystemTest::testDeleteFileFailure
ok 118 - Icecave\Archer\FileSystem\FileSystemTest::testDeleteDirectory
ok 119 - Icecave\Archer\FileSystem\FileSystemTest::testDeleteDirectoryFailure
ok 120 - Icecave\Archer\Git\GitConfigReaderFactoryTest::testCreate
ok 121 - Icecave\Archer\Git\GitConfigReaderTest::testConstructor
ok 122 - Icecave\Archer\Git\GitConfigReaderTest::testConstructorDefaults
ok 123 - Icecave\Archer\Git\GitConfigReaderTest::testGet
ok 124 - Icecave\Archer\Git\GitConfigReaderTest::testRepositoryOwner
ok 125 - Icecave\Archer\Git\GitConfigReaderTest::testRepositoryOwnerFailure
ok 126 - Icecave\Archer\Git\GitConfigReaderTest::testRepositoryName
ok 127 - Icecave\Archer\Git\GitConfigReaderTest::testRepositoryNameFailure
ok 128 - Icecave\Archer\Git\GitConfigReaderTest::testParseFailure
ok 129 - Icecave\Archer\Git\GitDotFilesManagerTest::testConstructor
ok 130 - Icecave\Archer\Git\GitDotFilesManagerTest::testConstructorDefaults
ok 131 - Icecave\Archer\Git\GitDotFilesManagerTest::testUpdateDotFiles
ok 132 - Icecave\Archer\Git\GitDotFilesManagerTest::testUpdateDotFilesAppend
ok 133 - Icecave\Archer\Git\GitDotFilesManagerTest::testUpdateDotFilesReplace
ok 134 - Icecave\Archer\Git\GitDotFilesManagerTest::testUpdateDotFilesNoChange
ok 135 - Icecave\Archer\Git\GitDotFilesManagerTest::testUpdateDotFilesMissingTags
ok 136 - Icecave\Archer\GitHub\GitHubClientTest::testValidateToken
ok 137 - Icecave\Archer\GitHub\GitHubClientTest::testDefaultBranch
ok 138 - Icecave\Archer\GitHub\GitHubClientTest::testDefaultBranchUsingMasterBranch
ok 139 - Icecave\Archer\GitHub\GitHubClientTest::testDefaultBranchFallback
ok 140 - Icecave\Archer\GitHub\GitHubClientTest::testSetAuthToken
ok 141 - Icecave\Archer\GitHub\GitHubClientTest::testSetAuthTokenFailure
ok 142 - Icecave\Archer\GitHub\GitHubClientTest::testSetUserAgent
ok 143 - Icecave\Archer\GitHub\GitHubClientTest::testApiGet
ok 144 - Icecave\Archer\GitHub\GitHubClientTest::testApiGetWithUserAgent
ok 145 - Icecave\Archer\GitHub\GitHubClientTest::testApiGetWithAuthToken
ok 146 - Icecave\Archer\Process\PHPUnitExecutableFinderTest::testConstructor
ok 147 - Icecave\Archer\Process\PHPUnitExecutableFinderTest::testConstructorDefaults
ok 148 - Icecave\Archer\Process\PHPUnitExecutableFinderTest::testFindGeneric
ok 149 - Icecave\Archer\Process\PHPUnitExecutableFinderTest::testFindGenericFailure
ok 150 - Icecave\Archer\Process\PHPUnitExecutableFinderTest::testFindTravis
ok 151 - Icecave\Archer\Process\PHPUnitExecutableFinderTest::testFindTravisFailure
ok 152 - Icecave\Archer\Process\ProcessFactoryTest::testFactory
ok 153 - Icecave\Archer\Support\AsplodeTest::testInstance
ok 154 - Icecave\Archer\Support\AsplodeTest::testInstall
ok 155 - Icecave\Archer\Support\AsplodeTest::testInstallFailure
ok 156 - Icecave\Archer\Support\AsplodeTest::testUninstall
ok 157 - Icecave\Archer\Support\AsplodeTest::testUninstallFailure
ok 158 - Icecave\Archer\Support\AsplodeTest::testHandleError
ok 159 - Icecave\Archer\Support\IsolatorTest::testGet
ok 160 - Icecave\Archer\Support\IsolatorTest::testClassName
ok 161 - Icecave\Archer\Support\IsolatorTest::testCall
ok 162 - Icecave\Archer\Support\IsolatorTest::testEcho
ok 163 - Icecave\Archer\Support\IsolatorTest::testEval
ok 164 - Icecave\Archer\Support\IsolatorTest::testInclude
ok 165 - Icecave\Archer\Support\IsolatorTest::testIncludeOnce
ok 166 - Icecave\Archer\Support\IsolatorTest::testRequire
ok 167 - Icecave\Archer\Support\IsolatorTest::testRequireOnce
ok 168 - Icecave\Archer\Support\Liftoff\Exception\LauncherTest::testException
ok 169 - Icecave\Archer\Support\Liftoff\LauncherTest::testLaunch with data set "OSX" ('Darwin', '/path/to/file', NULL, 'open \'/path/to/file\'')
ok 170 - Icecave\Archer\Support\Liftoff\LauncherTest::testLaunch with data set "OSX with arguments" ('Darwin', '/path/to/file', array('--foo', 'bar'), 'open \'/path/to/file\' \'--args\' \'--foo\' \'bar\'')
ok 171 - Icecave\Archer\Support\Liftoff\LauncherTest::testLaunch with data set "Windows" ('Windows NT', '/path/to/file', NULL, 'start \'liftoff\' \'/path/to/file\'')
ok 172 - Icecave\Archer\Support\Liftoff\LauncherTest::testLaunch with data set "Windows with arguments" ('Windows NT', '/path/to/file', array('--foo', 'bar'), 'start \'liftoff\' \'/path/to/file\' \'--foo\' \'bar\'')
ok 173 - Icecave\Archer\Support\Liftoff\LauncherTest::testLaunch with data set "Unix" ('Linux', '/path/to/file', NULL, 'xdg-open \'/path/to/file\'')
ok 174 - Icecave\Archer\Support\Liftoff\LauncherTest::testLaunch with data set "Unix with arguments" ('Linux', '/path/to/file', array('--foo', 'bar'), 'xdg-open \'/path/to/file\' \'--foo\' \'bar\'')
ok 175 - Icecave\Archer\Support\Liftoff\LauncherTest::testLaunchFailure
ok 176 - Icecave\Archer\Travis\TravisClientTest::testConstructor
ok 177 - Icecave\Archer\Travis\TravisClientTest::testConstructorDefaults
ok 178 - Icecave\Archer\Travis\TravisClientTest::testPublicKey
ok 179 - Icecave\Archer\Travis\TravisClientTest::testEncryptEnvironment
ok 180 - Icecave\Archer\Travis\TravisClientTest::testEncrypt
ok 181 - Icecave\Archer\Travis\TravisClientTest::testEncryptFailure
ok 182 - Icecave\Archer\Travis\TravisConfigManagerTest::testConstructor
ok 183 - Icecave\Archer\Travis\TravisConfigManagerTest::testConstructorDefaults
ok 184 - Icecave\Archer\Travis\TravisConfigManagerTest::testPublicKeyCache
ok 185 - Icecave\Archer\Travis\TravisConfigManagerTest::testPublicKeyCacheExists
ok 186 - Icecave\Archer\Travis\TravisConfigManagerTest::testSetPublicKeyCache
ok 187 - Icecave\Archer\Travis\TravisConfigManagerTest::testSetPublicKeyCacheSame
ok 188 - Icecave\Archer\Travis\TravisConfigManagerTest::testSetPublicKeyCacheDelete
ok 189 - Icecave\Archer\Travis\TravisConfigManagerTest::testSecureEnvironmentCache
ok 190 - Icecave\Archer\Travis\TravisConfigManagerTest::testSecureEnvironmentCacheExists
ok 191 - Icecave\Archer\Travis\TravisConfigManagerTest::testSetSecureEnvironmentCache
ok 192 - Icecave\Archer\Travis\TravisConfigManagerTest::testSetSecureEnvironmentCacheSame
ok 193 - Icecave\Archer\Travis\TravisConfigManagerTest::testSetSecureEnvironmentCacheDelete
ok 194 - Icecave\Archer\Travis\TravisConfigManagerTest::testUpdateConfig
ok 195 - Icecave\Archer\Travis\TravisConfigManagerTest::testUpdateConfigWithOAuth
1..195
