TAP version 13
ok 1 - Icecave\Archer\Configuration\ConfigurationFileFinderTest::testConstructor
ok 2 - Icecave\Archer\Configuration\ConfigurationFileFinderTest::testConstructorDefaults
ok 3 - Icecave\Archer\Configuration\ConfigurationFileFinderTest::testFindFirst
ok 4 - Icecave\Archer\Configuration\ConfigurationFileFinderTest::testFindLast
ok 5 - Icecave\Archer\Configuration\ConfigurationFileFinderTest::testFindDefault
ok 6 - Icecave\Archer\Configuration\PHPConfigurationReaderTest::testConstructor
ok 7 - Icecave\Archer\Configuration\PHPConfigurationReaderTest::testConstructorDefaults
ok 8 - Icecave\Archer\Configuration\PHPConfigurationReaderTest::testReadSingle
ok 9 - Icecave\Archer\Configuration\PHPConfigurationReaderTest::testReadMultiple
ok 10 - Icecave\Archer\Configuration\PHPConfigurationReaderTest::testReadNone
ok 11 - Icecave\Archer\Console\ApplicationTest::testConstructor
ok 12 - Icecave\Archer\Console\ApplicationTest::testConstructorDefaults
ok 13 - Icecave\Archer\Console\ApplicationTest::testEnabledCommands
ok 14 - Icecave\Archer\Console\ApplicationTest::testEnabledCommandsArcher
ok 15 - Icecave\Archer\Console\ApplicationTest::testEnabledCommandsTravis
ok 16 - Icecave\Archer\Console\ApplicationTest::testDoRun
ok 17 - Icecave\Archer\Console\ApplicationTest::testRawArguments
ok 18 - Icecave\Archer\Console\ApplicationTest::testDefaultCommandName
ok 19 - Icecave\Archer\Console\Command\AbstractPHPUnitCommandTest::testConstructor
ok 20 - Icecave\Archer\Console\Command\AbstractPHPUnitCommandTest::testConstructorDefaults
ok 21 - Icecave\Archer\Console\Command\AbstractPHPUnitCommandTest::testGetHelp
ok 22 - Icecave\Archer\Console\Command\AbstractPHPUnitCommandTest::testGenerateArgumentsFiltering
ok 23 - Icecave\Archer\Console\Command\CoverageCommandTest::testConfigure
ok 24 - Icecave\Archer\Console\Command\CoverageCommandTest::testExecute
ok 25 - Icecave\Archer\Console\Command\DocumentationCommandTest::testConstructor
ok 26 - Icecave\Archer\Console\Command\DocumentationCommandTest::testConstructorDefaults
ok 27 - Icecave\Archer\Console\Command\DocumentationCommandTest::testConfigure
ok 28 - Icecave\Archer\Console\Command\DocumentationCommandTest::testExecute
ok 29 - Icecave\Archer\Console\Command\TestCommandTest::testConfigure
ok 30 - Icecave\Archer\Console\Command\TestCommandTest::testExecute
ok 31 - Icecave\Archer\Console\Command\Travis\AbstractTravisCommandTest::testIsEnabled
ok 32 - Icecave\Archer\Console\Command\Travis\BuildCommandTest::testExecute
ok 33 - Icecave\Archer\Console\Command\Travis\BuildCommandTest::testExecuteWithPublishVersionButWrongBranch
ok 34 - Icecave\Archer\Console\Command\Travis\BuildCommandTest::testExecuteWithPublishVersionButNoToken
ok 35 - Icecave\Archer\Console\Command\Travis\BuildCommandTest::testExecuteWithPublish
ok 36 - Icecave\Archer\Console\Command\Travis\BuildCommandTest::testExecuteWithPublishAndTestFailure
ok 37 - Icecave\Archer\Console\Command\Travis\BuildCommandTest::testExecuteWithPublishAndDocumentationFailure
ok 38 - Icecave\Archer\Console\Command\UpdateCommandTest::testConstructor
ok 39 - Icecave\Archer\Console\Command\UpdateCommandTest::testConstructorDefaults
ok 40 - Icecave\Archer\Console\Command\UpdateCommandTest::testExecute
ok 41 - Icecave\Archer\Console\Command\UpdateCommandTest::testExecuteWithoutArtifactSupport
ok 42 - Icecave\Archer\Console\Command\UpdateCommandTest::testExecuteWithAuthorizeExistingToken
ok 43 - Icecave\Archer\Console\Command\UpdateCommandTest::testExecuteWithAuthorizeNewToken
ok 44 - Icecave\Archer\Console\Command\UpdateCommandTest::testExecuteWithAuthorizeInteractiveCredentials
ok 45 - Icecave\Archer\Console\Command\UpdateCommandTest::testExecuteWithAuthorizeFailureMultipleAuthorizations
ok 46 - Icecave\Archer\Console\Command\UpdateCommandTest::testExecuteWithAuthorizeFailureIncorrectScope
ok 47 - Icecave\Archer\Console\Command\UpdateCommandTest::testExecuteWithAuthorizeFailureParseError
ok 48 - Icecave\Archer\Console\Command\UpdateCommandTest::testExecuteWithAuthorizeFailureWoodhouseError
ok 49 - Icecave\Archer\Console\Command\UpdateCommandTest::testExecuteWithSuppliedToken
ok 50 - Icecave\Archer\Console\Command\UpdateCommandTest::testExecuteWithSuppliedTokenAndExistingKey
ok 51 - Icecave\Archer\Console\Command\UpdateCommandTest::testExecuteWithUpdatePublicKey
ok 52 - Icecave\Archer\Console\Command\UpdateCommandTest::testExecuteFailureUnsyncedRepo
ok 53 - Icecave\Archer\Console\Command\UpdateCommandTest::testExecuteWithInvalidToken
ok 54 - Icecave\Archer\Console\Command\UpdateCommandTest::testExecuteWithUpdatePublicKeyAndNoToken
ok 55 - Icecave\Archer\Console\Helper\HiddenInputHelperTest::testConstructor
ok 56 - Icecave\Archer\Console\Helper\HiddenInputHelperTest::testConstructorDefaults
ok 57 - Icecave\Archer\Console\Helper\HiddenInputHelperTest::testAskHiddenResponseStty
ok 58 - Icecave\Archer\Console\Helper\HiddenInputHelperTest::testAskHiddenResponseSttyFailureFgets
ok 59 - Icecave\Archer\Console\Helper\HiddenInputHelperTest::testAskHiddenResponseSttyFailureExecute
ok 60 - Icecave\Archer\Console\Helper\HiddenInputHelperTest::testAskHiddenResponseWindows
ok 61 - Icecave\Archer\Console\Helper\HiddenInputHelperTest::testAskHiddenResponseWindowsFailureExecute
ok 62 - Icecave\Archer\Documentation\DocumentationGeneratorTest::testConstructor
ok 63 - Icecave\Archer\Documentation\DocumentationGeneratorTest::testConstructorDefaults
ok 64 - Icecave\Archer\Documentation\DocumentationGeneratorTest::testGenerate
ok 65 - Icecave\Archer\Documentation\DocumentationGeneratorTest::testGenerateDefaultPath
ok 66 - Icecave\Archer\Documentation\DocumentationGeneratorTest::testSourcePath
ok 67 - Icecave\Archer\Documentation\DocumentationGeneratorTest::testProjectNameFailureUndefined
ok 68 - Icecave\Archer\Documentation\DocumentationGeneratorTest::testCreateFinder
ok 69 - Icecave\Archer\Documentation\DocumentationGeneratorTest::testCreateSami
ok 70 - Icecave\Archer\Documentation\DocumentationGeneratorTest::testPopErrorHandlers
ok 71 - Icecave\Archer\Documentation\DocumentationGeneratorTest::testPushErrorHandlers
ok 72 - Icecave\Archer\FileSystem\Exception\ReadExceptionTest::testException
ok 73 - Icecave\Archer\FileSystem\Exception\WriteExceptionTest::testException
ok 74 - Icecave\Archer\FileSystem\FileSystemTest::testExists
ok 75 - Icecave\Archer\FileSystem\FileSystemTest::testExistsFailure
ok 76 - Icecave\Archer\FileSystem\FileSystemTest::testFileExists
ok 77 - Icecave\Archer\FileSystem\FileSystemTest::testFileExistsFailure
ok 78 - Icecave\Archer\FileSystem\FileSystemTest::testDirectoryExists
ok 79 - Icecave\Archer\FileSystem\FileSystemTest::testDirectoryExistsFailure
ok 80 - Icecave\Archer\FileSystem\FileSystemTest::testRead
ok 81 - Icecave\Archer\FileSystem\FileSystemTest::testReadFailure
ok 82 - Icecave\Archer\FileSystem\FileSystemTest::testListPaths
ok 83 - Icecave\Archer\FileSystem\FileSystemTest::testListPathsFailure
ok 84 - Icecave\Archer\FileSystem\FileSystemTest::testWrite
ok 85 - Icecave\Archer\FileSystem\FileSystemTest::testWriteCreateParentDirectory
ok 86 - Icecave\Archer\FileSystem\FileSystemTest::testWriteFailure
ok 87 - Icecave\Archer\FileSystem\FileSystemTest::testWriteFailureDirname
ok 88 - Icecave\Archer\FileSystem\FileSystemTest::testCopy
ok 89 - Icecave\Archer\FileSystem\FileSystemTest::testCopyCreateParentDirectory
ok 90 - Icecave\Archer\FileSystem\FileSystemTest::testCopyFailure
ok 91 - Icecave\Archer\FileSystem\FileSystemTest::testCopyFailureDirname
ok 92 - Icecave\Archer\FileSystem\FileSystemTest::testMove
ok 93 - Icecave\Archer\FileSystem\FileSystemTest::testMoveCreateParentDirectory
ok 94 - Icecave\Archer\FileSystem\FileSystemTest::testMoveFailure
ok 95 - Icecave\Archer\FileSystem\FileSystemTest::testMoveFailureDirname
ok 96 - Icecave\Archer\FileSystem\FileSystemTest::testCreateDirectory
ok 97 - Icecave\Archer\FileSystem\FileSystemTest::testCreateDirectoryFailure
ok 98 - Icecave\Archer\FileSystem\FileSystemTest::testChmod
ok 99 - Icecave\Archer\FileSystem\FileSystemTest::testChmodFailure
ok 100 - Icecave\Archer\FileSystem\FileSystemTest::testDeleteFile
ok 101 - Icecave\Archer\FileSystem\FileSystemTest::testDeleteFileFailure
ok 102 - Icecave\Archer\FileSystem\FileSystemTest::testDeleteDirectory
ok 103 - Icecave\Archer\FileSystem\FileSystemTest::testDeleteDirectoryFailure
ok 104 - Icecave\Archer\Git\GitConfigReaderFactoryTest::testCreate
ok 105 - Icecave\Archer\Git\GitConfigReaderTest::testConstructor
ok 106 - Icecave\Archer\Git\GitConfigReaderTest::testConstructorDefaults
ok 107 - Icecave\Archer\Git\GitConfigReaderTest::testGet
ok 108 - Icecave\Archer\Git\GitConfigReaderTest::testRepositoryOwner
ok 109 - Icecave\Archer\Git\GitConfigReaderTest::testRepositoryOwnerFailure
ok 110 - Icecave\Archer\Git\GitConfigReaderTest::testRepositoryName
ok 111 - Icecave\Archer\Git\GitConfigReaderTest::testRepositoryNameFailure
ok 112 - Icecave\Archer\Git\GitConfigReaderTest::testParseFailure
ok 113 - Icecave\Archer\Git\GitDotFilesManagerTest::testConstructor
ok 114 - Icecave\Archer\Git\GitDotFilesManagerTest::testConstructorDefaults
ok 115 - Icecave\Archer\Git\GitDotFilesManagerTest::testUpdateDotFiles
ok 116 - Icecave\Archer\Git\GitDotFilesManagerTest::testUpdateDotFilesAppend
ok 117 - Icecave\Archer\Git\GitDotFilesManagerTest::testUpdateDotFilesReplace
ok 118 - Icecave\Archer\Git\GitDotFilesManagerTest::testUpdateDotFilesNoChange
ok 119 - Icecave\Archer\Git\GitDotFilesManagerTest::testUpdateDotFilesMissingTags
ok 120 - Icecave\Archer\GitHub\GitHubClientTest::testValidateToken
ok 121 - Icecave\Archer\GitHub\GitHubClientTest::testDefaultBranch
ok 122 - Icecave\Archer\GitHub\GitHubClientTest::testDefaultBranchUsingMasterBranch
ok 123 - Icecave\Archer\GitHub\GitHubClientTest::testDefaultBranchFallback
ok 124 - Icecave\Archer\GitHub\GitHubClientTest::testSetAuthToken
ok 125 - Icecave\Archer\GitHub\GitHubClientTest::testSetAuthTokenFailure
ok 126 - Icecave\Archer\GitHub\GitHubClientTest::testSetUserAgent
ok 127 - Icecave\Archer\GitHub\GitHubClientTest::testApiGet
ok 128 - Icecave\Archer\GitHub\GitHubClientTest::testApiGetWithUserAgent
ok 129 - Icecave\Archer\GitHub\GitHubClientTest::testApiGetWithAuthToken
ok 130 - Icecave\Archer\Process\PHPUnitExecutableFinderTest::testConstructor
ok 131 - Icecave\Archer\Process\PHPUnitExecutableFinderTest::testConstructorDefaults
ok 132 - Icecave\Archer\Process\PHPUnitExecutableFinderTest::testFindGeneric
ok 133 - Icecave\Archer\Process\PHPUnitExecutableFinderTest::testFindGenericFailure
ok 134 - Icecave\Archer\Process\PHPUnitExecutableFinderTest::testFindTravis
ok 135 - Icecave\Archer\Process\PHPUnitExecutableFinderTest::testFindTravisFailure
ok 136 - Icecave\Archer\Process\ProcessFactoryTest::testFactory
ok 137 - Icecave\Archer\Support\AsplodeTest::testInstance
ok 138 - Icecave\Archer\Support\AsplodeTest::testInstall
ok 139 - Icecave\Archer\Support\AsplodeTest::testInstallFailure
ok 140 - Icecave\Archer\Support\AsplodeTest::testUninstall
ok 141 - Icecave\Archer\Support\AsplodeTest::testUninstallFailure
ok 142 - Icecave\Archer\Support\AsplodeTest::testHandleError
ok 143 - Icecave\Archer\Support\IsolatorTest::testGet
ok 144 - Icecave\Archer\Support\IsolatorTest::testCall
ok 145 - Icecave\Archer\Support\IsolatorTest::testEcho
ok 146 - Icecave\Archer\Support\IsolatorTest::testEval
ok 147 - Icecave\Archer\Support\IsolatorTest::testInclude
ok 148 - Icecave\Archer\Support\IsolatorTest::testIncludeOnce
ok 149 - Icecave\Archer\Support\IsolatorTest::testRequire
ok 150 - Icecave\Archer\Support\IsolatorTest::testRequireOnce
ok 151 - Icecave\Archer\Travis\TravisClientTest::testConstructor
ok 152 - Icecave\Archer\Travis\TravisClientTest::testConstructorDefaults
ok 153 - Icecave\Archer\Travis\TravisClientTest::testPublicKey
ok 154 - Icecave\Archer\Travis\TravisClientTest::testEncryptEnvironment
ok 155 - Icecave\Archer\Travis\TravisClientTest::testEncrypt
ok 156 - Icecave\Archer\Travis\TravisClientTest::testEncryptFailure
ok 157 - Icecave\Archer\Travis\TravisConfigManagerTest::testConstructor
ok 158 - Icecave\Archer\Travis\TravisConfigManagerTest::testConstructorDefaults
ok 159 - Icecave\Archer\Travis\TravisConfigManagerTest::testPublicKeyCache
ok 160 - Icecave\Archer\Travis\TravisConfigManagerTest::testPublicKeyCacheExists
ok 161 - Icecave\Archer\Travis\TravisConfigManagerTest::testSetPublicKeyCache
ok 162 - Icecave\Archer\Travis\TravisConfigManagerTest::testSetPublicKeyCacheSame
ok 163 - Icecave\Archer\Travis\TravisConfigManagerTest::testSetPublicKeyCacheDelete
ok 164 - Icecave\Archer\Travis\TravisConfigManagerTest::testSecureEnvironmentCache
ok 165 - Icecave\Archer\Travis\TravisConfigManagerTest::testSecureEnvironmentCacheExists
ok 166 - Icecave\Archer\Travis\TravisConfigManagerTest::testSetSecureEnvironmentCache
ok 167 - Icecave\Archer\Travis\TravisConfigManagerTest::testSetSecureEnvironmentCacheSame
ok 168 - Icecave\Archer\Travis\TravisConfigManagerTest::testSetSecureEnvironmentCacheDelete
ok 169 - Icecave\Archer\Travis\TravisConfigManagerTest::testUpdateConfig
ok 170 - Icecave\Archer\Travis\TravisConfigManagerTest::testUpdateConfigWithOAuth
1..170
